// Jest Snapshot v1, https://goo.gl/fbAQLP

exports[`LyricsContainer displays a list of albums 1`] = `Promise {}`;
